2026-10-08 01:14:15  Update 53365e23d537 -> 53365e23d537: 8 Dateien geladen (21911 Bytes), 0 entfernt
2026-10-08 01:28:30  Dateien geprueft: aktuell (53365e23d537)
2026-10-08 02:43:21  Update 9f3a2f10e5e5 -> 9b73f42c7db7: 2 Dateien geladen (9891 Bytes), 0 entfernt
2026-10-08 02:44:17  Dateien geprueft: aktuell (9b73f42c7db7)
2026-10-08 02:44:59  Update fehlgeschlagen: HTTP 404
2026-10-08 03:09:36  Dateien geprueft: aktuell (7db4bcd26d07)
2026-10-08 14:56:16  Dateien geprueft: aktuell (7db4bcd26d07)
2026-10-08 17:50:05  Dateien geprueft: aktuell (7db4bcd26d07)
2026-10-08 19:22:34  Dateien geprueft: aktuell (65009e8a5b3d)
2026-10-08 19:27:30  Dateien geprueft: aktuell (65009e8a5b3d)
2026-10-08 22:56:37  Dateipruefung: 0 unveraendert, 5414 gelesen (2256340533 Bytes), 7714 ms
2026-10-08 22:56:37  Dateien geprueft: aktuell (a69f1956a285)
2026-10-08 23:10:48  Dateipruefung: 5356 unveraendert, 58 gelesen (77803170 Bytes), 219 ms
2026-10-08 23:10:48  Dateien geprueft: aktuell (e44b79e315a6)
2026-10-09 08:29:12  Dateipruefung: 5412 unveraendert, 2 gelesen (19387392 Bytes), 456 ms
2026-10-09 08:29:12  Dateien geprueft: aktuell (74e12a461e80)
2026-10-09 20:19:53  Dateipruefung: 5352 unveraendert, 91 gelesen (103728912 Bytes), 631 ms
2026-10-09 20:19:53  Dateien geprueft: aktuell (5788c2aeaaaf)
2026-10-09 20:29:12  Dateipruefung: 5443 unveraendert, 0 gelesen (0 Bytes), 122 ms
2026-10-09 20:29:12  Dateien geprueft: aktuell (5788c2aeaaaf)
2026-10-09 21:39:36  Dateipruefung: 5430 unveraendert, 51 gelesen (52371995 Bytes), 354 ms
2026-10-09 21:39:37  Update fehlgeschlagen: Antwort zu gross
2026-10-10 11:43:43  Dateipruefung: 0 unveraendert, 5481 gelesen (2293467707 Bytes), 16000 ms
2026-10-10 11:43:49  Update fehlgeschlagen: START_HIER.txt: Antwort zu gross
2026-10-10 11:51:31  Dateipruefung: 0 unveraendert, 5481 gelesen (2293467707 Bytes), 15611 ms
2026-10-10 11:51:38  Update fehlgeschlagen: START_HIER.txt: Antwort zu gross
2026-10-10 11:52:29  Dateipruefung: 5481 unveraendert, 0 gelesen (0 Bytes), 125 ms
2026-10-10 11:52:34  Update fehlgeschlagen: START_HIER.txt: Antwort zu gross
2026-10-10 12:30:55  Dateipruefung: 0 unveraendert, 5484 gelesen (2313406018 Bytes), 2730 ms
2026-10-10 12:30:55  Dateien geprueft: aktuell (e79ae454d09a)
2026-10-10 12:56:53  Dateipruefung: 5484 unveraendert, 0 gelesen (0 Bytes), 132 ms
2026-10-10 12:56:53  Dateien geprueft: aktuell (e79ae454d09a)
2026-10-10 17:00:23  Dateipruefung: 5484 unveraendert, 0 gelesen (0 Bytes), 186 ms
2026-10-10 17:00:23  Dateien geprueft: aktuell (e79ae454d09a)
2026-10-10 17:00:47  Dateipruefung: 5484 unveraendert, 0 gelesen (0 Bytes), 118 ms
2026-10-10 17:00:47  Dateien geprueft: aktuell (e79ae454d09a)
2026-10-10 17:49:13  Dateipruefung: 5484 unveraendert, 0 gelesen (0 Bytes), 287 ms
2026-10-10 17:49:13  Dateien geprueft: aktuell (e79ae454d09a)
2026-10-10 17:50:04  Dateipruefung: 5484 unveraendert, 0 gelesen (0 Bytes), 117 ms
2026-10-10 17:50:04  Dateien geprueft: aktuell (e79ae454d09a)
